Archive member included to satisfy reference by file (symbol)

/Applications/STM32CubeIDE.app/Contents/Eclipse/plugins/com.st.stm32cube.ide.mcu.externaltools.gnu-tools-for-stm32.10.3-2021.10.macos64_1.0.0.202111181127/tools/bin/../lib/gcc/arm-none-eabi/10.3.1/../../../../arm-none-eabi/lib/thumb/v7e-m+fp/hard/libc_nano.a(lib_a-errno.o)
                              ./Core/Src/syscalls.o (__errno)
/Applications/STM32CubeIDE.app/Contents/Eclipse/plugins/com.st.stm32cube.ide.mcu.externaltools.gnu-tools-for-stm32.10.3-2021.10.macos64_1.0.0.202111181127/tools/bin/../lib/gcc/arm-none-eabi/10.3.1/../../../../arm-none-eabi/lib/thumb/v7e-m+fp/hard/libc_nano.a(lib_a-exit.o)
                              /Applications/STM32CubeIDE.app/Contents/Eclipse/plugins/com.st.stm32cube.ide.mcu.externaltools.gnu-tools-for-stm32.10.3-2021.10.macos64_1.0.0.202111181127/tools/bin/../lib/gcc/arm-none-eabi/10.3.1/../../../../arm-none-eabi/lib/thumb/v7e-m+fp/hard/crt0.o (exit)
/Applications/STM32CubeIDE.app/Contents/Eclipse/plugins/com.st.stm32cube.ide.mcu.externaltools.gnu-tools-for-stm32.10.3-2021.10.macos64_1.0.0.202111181127/tools/bin/../lib/gcc/arm-none-eabi/10.3.1/../../../../arm-none-eabi/lib/thumb/v7e-m+fp/hard/libc_nano.a(lib_a-impure.o)
                              /Applications/STM32CubeIDE.app/Contents/Eclipse/plugins/com.st.stm32cube.ide.mcu.externaltools.gnu-tools-for-stm32.10.3-2021.10.macos64_1.0.0.202111181127/tools/bin/../lib/gcc/arm-none-eabi/10.3.1/../../../../arm-none-eabi/lib/thumb/v7e-m+fp/hard/libc_nano.a(lib_a-exit.o) (_global_impure_ptr)
/Applications/STM32CubeIDE.app/Contents/Eclipse/plugins/com.st.stm32cube.ide.mcu.externaltools.gnu-tools-for-stm32.10.3-2021.10.macos64_1.0.0.202111181127/tools/bin/../lib/gcc/arm-none-eabi/10.3.1/../../../../arm-none-eabi/lib/thumb/v7e-m+fp/hard/libc_nano.a(lib_a-init.o)
                              /Applications/STM32CubeIDE.app/Contents/Eclipse/plugins/com.st.stm32cube.ide.mcu.externaltools.gnu-tools-for-stm32.10.3-2021.10.macos64_1.0.0.202111181127/tools/bin/../lib/gcc/arm-none-eabi/10.3.1/../../../../arm-none-eabi/lib/thumb/v7e-m+fp/hard/crt0.o (__libc_init_array)
/Applications/STM32CubeIDE.app/Contents/Eclipse/plugins/com.st.stm32cube.ide.mcu.externaltools.gnu-tools-for-stm32.10.3-2021.10.macos64_1.0.0.202111181127/tools/bin/../lib/gcc/arm-none-eabi/10.3.1/../../../../arm-none-eabi/lib/thumb/v7e-m+fp/hard/libc_nano.a(lib_a-memset.o)
                              /Applications/STM32CubeIDE.app/Contents/Eclipse/plugins/com.st.stm32cube.ide.mcu.externaltools.gnu-tools-for-stm32.10.3-2021.10.macos64_1.0.0.202111181127/tools/bin/../lib/gcc/arm-none-eabi/10.3.1/../../../../arm-none-eabi/lib/thumb/v7e-m+fp/hard/crt0.o (memset)
/Applications/STM32CubeIDE.app/Contents/Eclipse/plugins/com.st.stm32cube.ide.mcu.externaltools.gnu-tools-for-stm32.10.3-2021.10.macos64_1.0.0.202111181127/tools/bin/../lib/gcc/arm-none-eabi/10.3.1/thumb/v7e-m+fp/hard/libgcc.a(_aeabi_ldivmod.o)
                              ./Drivers/STM32F7xx_HAL_Driver/Src/stm32f7xx_hal_rcc.o (__aeabi_ldivmod)
/Applications/STM32CubeIDE.app/Contents/Eclipse/plugins/com.st.stm32cube.ide.mcu.externaltools.gnu-tools-for-stm32.10.3-2021.10.macos64_1.0.0.202111181127/tools/bin/../lib/gcc/arm-none-eabi/10.3.1/thumb/v7e-m+fp/hard/libgcc.a(_aeabi_uldivmod.o)
                              ./Drivers/STM32F7xx_HAL_Driver/Src/stm32f7xx_hal_rcc.o (__aeabi_uldivmod)
/Applications/STM32CubeIDE.app/Contents/Eclipse/plugins/com.st.stm32cube.ide.mcu.externaltools.gnu-tools-for-stm32.10.3-2021.10.macos64_1.0.0.202111181127/tools/bin/../lib/gcc/arm-none-eabi/10.3.1/thumb/v7e-m+fp/hard/libgcc.a(_udivmoddi4.o)
                              /Applications/STM32CubeIDE.app/Contents/Eclipse/plugins/com.st.stm32cube.ide.mcu.externaltools.gnu-tools-for-stm32.10.3-2021.10.macos64_1.0.0.202111181127/tools/bin/../lib/gcc/arm-none-eabi/10.3.1/thumb/v7e-m+fp/hard/libgcc.a(_aeabi_ldivmod.o) (__udivmoddi4)
/Applications/STM32CubeIDE.app/Contents/Eclipse/plugins/com.st.stm32cube.ide.mcu.externaltools.gnu-tools-for-stm32.10.3-2021.10.macos64_1.0.0.202111181127/tools/bin/../lib/gcc/arm-none-eabi/10.3.1/thumb/v7e-m+fp/hard/libgcc.a(_dvmd_tls.o)
                              /Applications/STM32CubeIDE.app/Contents/Eclipse/plugins/com.st.stm32cube.ide.mcu.externaltools.gnu-tools-for-stm32.10.3-2021.10.macos64_1.0.0.202111181127/tools/bin/../lib/gcc/arm-none-eabi/10.3.1/thumb/v7e-m+fp/hard/libgcc.a(_aeabi_ldivmod.o) (__aeabi_ldiv0)

Discarded input sections

 .text          0x0000000000000000        0x0 /Applications/STM32CubeIDE.app/Contents/Eclipse/plugins/com.st.stm32cube.ide.mcu.externaltools.gnu-tools-for-stm32.10.3-2021.10.macos64_1.0.0.202111181127/tools/bin/../lib/gcc/arm-none-eabi/10.3.1/thumb/v7e-m+fp/hard/crti.o
[...]
Memory Configuration

Name             Origin             Length             Attributes
RAM              0x0000000020000000 0x0000000000050000 xrw
FLASH            0x0000000008000000 0x0000000000100000 xr
*default*        0x0000000000000000 0xffffffffffffffff

Linker script and memory map

LOAD /Applications/STM32CubeIDE.app/Contents/Eclipse/plugins/com.st.stm32cube.ide.mcu.externaltools.gnu-tools-for-stm32.10.3-2021.10.macos64_1.0.0.202111181127/tools/bin/../lib/gcc/arm-none-eabi/10.3.1/thumb/v7e-m+fp/hard/crti.o
LOAD /Applications/STM32CubeIDE.app/Contents/Eclipse/plugins/com.st.stm32cube.ide.mcu.externaltools.gnu-tools-for-stm32.10.3-2021.10.macos64_1.0.0.202111181127/tools/bin/../lib/gcc/arm-none-eabi/10.3.1/thumb/v7e-m+fp/hard/crtbegin.o
LOAD /Applications/STM32CubeIDE.app/Contents/Eclipse/plugins/com.st.stm32cube.ide.mcu.externaltools.gnu-tools-for-stm32.10.3-2021.10.macos64_1.0.0.202111181127/tools/bin/../lib/gcc/arm-none-eabi/10.3.1/../../../../arm-none-eabi/lib/thumb/v7e-m+fp/hard/crt0.o
LOAD ./Core/Src/main.o
LOAD ./Core/Src/stm32f7xx_hal_msp.o
LOAD ./Core/Src/stm32f7xx_it.o
LOAD ./Core/Src/syscalls.o
LOAD ./Core/Src/sysmem.o
LOAD ./Core/Src/system_stm32f7xx.o
LOAD ./Core/Startup/startup_stm32f746zgtx.o
LOAD ./Drivers/STM32F7xx_HAL_Driver/Src/stm32f7xx_hal.o
LOAD ./Drivers/STM32F7xx_HAL_Driver/Src/stm32f7xx_hal_cortex.o
LOAD ./Drivers/STM32F7xx_HAL_Driver/Src/stm32f7xx_hal_dma.o
LOAD ./Drivers/STM32F7xx_HAL_Driver/Src/stm32f7xx_hal_dma_ex.o
LOAD ./Drivers/STM32F7xx_HAL_Driver/Src/stm32f7xx_hal_exti.o
LOAD ./Drivers/STM32F7xx_HAL_Driver/Src/stm32f7xx_hal_flash.o
LOAD ./Drivers/STM32F7xx_HAL_Driver/Src/stm32f7xx_hal_flash_ex.o
LOAD ./Drivers/STM32F7xx_HAL_Driver/Src/stm32f7xx_hal_gpio.o
LOAD ./Drivers/STM32F7xx_HAL_Driver/Src/stm32f7xx_hal_i2c.o
LOAD ./Drivers/STM32F7xx_HAL_Driver/Src/stm32f7xx_hal_i2c_ex.o
LOAD ./Drivers/STM32F7xx_HAL_Driver/Src/stm32f7xx_hal_pwr.o
LOAD ./Drivers/STM32F7xx_HAL_Driver/Src/stm32f7xx_hal_pwr_ex.o
LOAD ./Drivers/STM32F7xx_HAL_Driver/Src/stm32f7xx_hal_rcc.o
LOAD ./Drivers/STM32F7xx_HAL_Driver/Src/stm32f7xx_hal_rcc_ex.o
LOAD ./Drivers/STM32F7xx_HAL_Driver/Src/stm32f7xx_hal_tim.o
LOAD ./Drivers/STM32F7xx_HAL_Driver/Src/stm32f7xx_hal_tim_ex.o
START GROUP
LOAD /Applications/STM32CubeIDE.app/Contents/Eclipse/plugins/com.st.stm32cube.ide.mcu.externaltools.gnu-tools-for-stm32.10.3-2021.10.macos64_1.0.0.202111181127/tools/bin/../lib/gcc/arm-none-eabi/10.3.1/../../../../arm-none-eabi/lib/thumb/v7e-m+fp/hard/libstdc++_nano.a
LOAD /Applications/STM32CubeIDE.app/Contents/Eclipse/plugins/com.st.stm32cube.ide.mcu.externaltools.gnu-tools-for-stm32.10.3-2021.10.macos64_1.0.0.202111181127/tools/bin/../lib/gcc/arm-none-eabi/10.3.1/../../../../arm-none-eabi/lib/thumb/v7e-m+fp/hard/libsupc++_nano.a
END GROUP
LOAD /Applications/STM32CubeIDE.app/Contents/Eclipse/plugins/com.st.stm32cube.ide.mcu.externaltools.gnu-tools-for-stm32.10.3-2021.10.macos64_1.0.0.202111181127/tools/bin/../lib/gcc/arm-none-eabi/10.3.1/../../../../arm-none-eabi/lib/thumb/v7e-m+fp/hard/libstdc++_nano.a
LOAD /Applications/STM32CubeIDE.app/Contents/Eclipse/plugins/com.st.stm32cube.ide.mcu.externaltools.gnu-tools-for-stm32.10.3-2021.10.macos64_1.0.0.202111181127/tools/bin/../lib/gcc/arm-none-eabi/10.3.1/../../../../arm-none-eabi/lib/thumb/v7e-m+fp/hard/libm.a
LOAD /Applications/STM32CubeIDE.app/Contents/Eclipse/plugins/com.st.stm32cube.ide.mcu.externaltools.gnu-tools-for-stm32.10.3-2021.10.macos64_1.0.0.202111181127/tools/bin/../lib/gcc/arm-none-eabi/10.3.1/../../../../arm-none-eabi/lib/thumb/v7e-m+fp/hard/libc_nano.a
START GROUP
LOAD /Applications/STM32CubeIDE.app/Contents/Eclipse/plugins/com.st.stm32cube.ide.mcu.externaltools.gnu-tools-for-stm32.10.3-2021.10.macos64_1.0.0.202111181127/tools/bin/../lib/gcc/arm-none-eabi/10.3.1/thumb/v7e-m+fp/hard/libgcc.a
LOAD /Applications/STM32CubeIDE.app/Contents/Eclipse/plugins/com.st.stm32cube.ide.mcu.externaltools.gnu-tools-for-stm32.10.3-2021.10.macos64_1.0.0.202111181127/tools/bin/../lib/gcc/arm-none-eabi/10.3.1/../../../../arm-none-eabi/lib/thumb/v7e-m+fp/hard/libc_nano.a
END GROUP
START GROUP
LOAD /Applications/STM32CubeIDE.app/Contents/Eclipse/plugins/com.st.stm32cube.ide.mcu.externaltools.gnu-tools-for-stm32.10.3-2021.10.macos64_1.0.0.202111181127/tools/bin/../lib/gcc/arm-none-eabi/10.3.1/thumb/v7e-m+fp/hard/libgcc.a
LOAD /Applications/STM32CubeIDE.app/Contents/Eclipse/plugins/com.st.stm32cube.ide.mcu.externaltools.gnu-tools-for-stm32.10.3-2021.10.macos64_1.0.0.202111181127/tools/bin/../lib/gcc/arm-none-eabi/10.3.1/../../../../arm-none-eabi/lib/thumb/v7e-m+fp/hard/libc_nano.a
LOAD /Applications/STM32CubeIDE.app/Contents/Eclipse/plugins/com.st.stm32cube.ide.mcu.externaltools.gnu-tools-for-stm32.10.3-2021.10.macos64_1.0.0.202111181127/tools/bin/../lib/gcc/arm-none-eabi/10.3.1/../../../../arm-none-eabi/lib/thumb/v7e-m+fp/hard/libnosys.a
END GROUP
START GROUP
LOAD /Applications/STM32CubeIDE.app/Contents/Eclipse/plugins/com.st.stm32cube.ide.mcu.externaltools.gnu-tools-for-stm32.10.3-2021.10.macos64_1.0.0.202111181127/tools/bin/../lib/gcc/arm-none-eabi/10.3.1/thumb/v7e-m+fp/hard/libgcc.a
LOAD /Applications/STM32CubeIDE.app/Contents/Eclipse/plugins/com.st.stm32cube.ide.mcu.externaltools.gnu-tools-for-stm32.10.3-2021.10.macos64_1.0.0.202111181127/tools/bin/../lib/gcc/arm-none-eabi/10.3.1/../../../../arm-none-eabi/lib/thumb/v7e-m+fp/hard/libc_nano.a
LOAD /Applications/STM32CubeIDE.app/Contents/Eclipse/plugins/com.st.stm32cube.ide.mcu.externaltools.gnu-tools-for-stm32.10.3-2021.10.macos64_1.0.0.202111181127/tools/bin/../lib/gcc/arm-none-eabi/10.3.1/../../../../arm-none-eabi/lib/thumb/v7e-m+fp/hard/libnosys.a
END GROUP
LOAD /Applications/STM32CubeIDE.app/Contents/Eclipse/plugins/com.st.stm32cube.ide.mcu.externaltools.gnu-tools-for-stm32.10.3-2021.10.macos64_1.0.0.202111181127/tools/bin/../lib/gcc/arm-none-eabi/10.3.1/thumb/v7e-m+fp/hard/crtend.o
LOAD /Applications/STM32CubeIDE.app/Contents/Eclipse/plugins/com.st.stm32cube.ide.mcu.externaltools.gnu-tools-for-stm32.10.3-2021.10.macos64_1.0.0.202111181127/tools/bin/../lib/gcc/arm-none-eabi/10.3.1/thumb/v7e-m+fp/hard/crtn.o
                0x0000000020050000                _estack = (ORIGIN (RAM) + LENGTH (RAM))
                0x0000000000000200                _Min_Heap_Size = 0x200
                0x0000000000000400                _Min_Stack_Size = 0x400

.isr_vector     0x0000000008000000      0x1c8
                0x0000000008000000                . = ALIGN (0x4)
 *(.isr_vector)
 .isr_vector    0x0000000008000000      0x1c8 ./Core/Startup/startup_stm32f746zgtx.o
                0x0000000008000000                g_pfnVectors
                0x00000000080001c8                . = ALIGN (0x4)

.text           0x00000000080001c8     0x2048
                0x00000000080001c8                . = ALIGN (0x4)
 *(.text)
 .text          0x00000000080001c8       0x40 /Applications/STM32CubeIDE.app/Contents/Eclipse/plugins/com.st.stm32cube.ide.mcu.externaltools.gnu-tools-for-stm32.10.3-2021.10.macos64_1.0.0.202111181127/tools/bin/../lib/gcc/arm-none-eabi/10.3.1/thumb/v7e-m+fp/hard/crtbegin.o
 .text          0x0000000008000208       0x30 /Applications/STM32CubeIDE.app/Contents/Eclipse/plugins/com.st.stm32cube.ide.mcu.externaltools.gnu-tools-for-stm32.10.3-2021.10.macos64_1.0.0.202111181127/tools/bin/../lib/gcc/arm-none-eabi/10.3.1/thumb/v7e-m+fp/hard/libgcc.a(_aeabi_uldivmod.o)
                0x0000000008000208                __aeabi_uldivmod
 .text          0x0000000008000238      0x2d0 /Applications/STM32CubeIDE.app/Contents/Eclipse/plugins/com.st.stm32cube.ide.mcu.externaltools.gnu-tools-for-stm32.10.3-2021.10.macos64_1.0.0.202111181127/tools/bin/../lib/gcc/arm-none-eabi/10.3.1/thumb/v7e-m+fp/hard/libgcc.a(_udivmoddi4.o)
                0x0000000008000238                __udivmoddi4
 .text          0x0000000008000508        0x4 /Applications/STM32CubeIDE.app/Contents/Eclipse/plugins/com.st.stm32cube.ide.mcu.externaltools.gnu-tools-for-stm32.10.3-2021.10.macos64_1.0.0.202111181127/tools/bin/../lib/gcc/arm-none-eabi/10.3.1/thumb/v7e-m+fp/hard/libgcc.a(_dvmd_tls.o)
                0x0000000008000508                __aeabi_ldiv0
                0x0000000008000508                __aeabi_idiv0
 *(.text*)
 .text.Step0    0x000000000800050c       0x24 ./Core/Src/main.o
                0x000000000800050c                Step0
 .text.Dir0     0x0000000008000530       0x14 ./Core/Src/main.o
                0x0000000008000530                Dir0
 .text.HAL_GPIO_EXTI_Callback
                0x0000000008000544       0x40 ./Core/Src/main.o
                0x0000000008000544                HAL_GPIO_EXTI_Callback
 .text.HAL_TIM_OC_DelayElapsedCallback
                0x0000000008000584      0x19c ./Core/Src/main.o
                0x0000000008000584                HAL_TIM_OC_DelayElapsedCallback
 .text.SystemClock_Config
                0x0000000008000720       0xc0 ./Core/Src/main.o
                0x0000000008000720                SystemClock_Config
 .text.startup.main
                0x00000000080007e0      0x32c ./Core/Src/main.o
                0x00000000080007e0                main
 .text.HAL_MspInit
                0x0000000008000b0c       0x30 ./Core/Src/stm32f7xx_hal_msp.o
                0x0000000008000b0c                HAL_MspInit
 .text.HAL_TIM_Base_MspInit
                0x0000000008000b3c       0x40 ./Core/Src/stm32f7xx_hal_msp.o
                0x0000000008000b3c                HAL_TIM_Base_MspInit
 .text.NMI_Handler
                0x0000000008000b7c        0x4 ./Core/Src/stm32f7xx_it.o
                0x0000000008000b7c                NMI_Handler
 .text.HardFault_Handler
                0x0000000008000b80        0x4 ./Core/Src/stm32f7xx_it.o
                0x0000000008000b80                HardFault_Handler
 .text.MemManage_Handler
                0x0000000008000b84        0x4 ./Core/Src/stm32f7xx_it.o
                0x0000000008000b84                MemManage_Handler
 .text.BusFault_Handler
                0x0000000008000b88        0x4 ./Core/Src/stm32f7xx_it.o
                0x0000000008000b88                BusFault_Handler
 .text.UsageFault_Handler
                0x0000000008000b8c        0x4 ./Core/Src/stm32f7xx_it.o
                0x0000000008000b8c                UsageFault_Handler
 .text.SVC_Handler
                0x0000000008000b90        0x4 ./Core/Src/stm32f7xx_it.o
                0x0000000008000b90                SVC_Handler
 .text.DebugMon_Handler
                0x0000000008000b94        0x4 ./Core/Src/stm32f7xx_it.o
                0x0000000008000b94                DebugMon_Handler
 .text.PendSV_Handler
                0x0000000008000b98        0x4 ./Core/Src/stm32f7xx_it.o
                0x0000000008000b98                PendSV_Handler
 .text.SysTick_Handler
                0x0000000008000b9c        0x4 ./Core/Src/stm32f7xx_it.o
                0x0000000008000b9c                SysTick_Handler
 .text.EXTI9_5_IRQHandler
                0x0000000008000ba0        0x8 ./Core/Src/stm32f7xx_it.o
                0x0000000008000ba0                EXTI9_5_IRQHandler
 .text.TIM1_CC_IRQHandler
                0x0000000008000ba8        0xc ./Core/Src/stm32f7xx_it.o
                0x0000000008000ba8                TIM1_CC_IRQHandler
 .text.SystemInit
                0x0000000008000bb4       0x14 ./Core/Src/system_stm32f7xx.o
                0x0000000008000bb4                SystemInit
 .text.Reset_Handler
                0x0000000008000bc8       0x50 ./Core/Startup/startup_stm32f746zgtx.o
                0x0000000008000bc8                Reset_Handler
 .text.Default_Handler
                0x0000000008000c18        0x2 ./Core/Startup/startup_stm32f746zgtx.o
                0x0000000008000c18                DMA1_Stream3_IRQHandler
                0x0000000008000c18                EXTI2_IRQHandler
                0x0000000008000c18                TIM8_CC_IRQHandler
                0x0000000008000c18                UART8_IRQHandler
                0x0000000008000c18                SPI4_IRQHandler
                0x0000000008000c18                DMA2_Stream5_IRQHandler
                0x0000000008000c18                DMA1_Stream5_IRQHandler
                0x0000000008000c18                PVD_IRQHandler
                0x0000000008000c18                TAMP_STAMP_IRQHandler
                0x0000000008000c18                CAN2_RX1_IRQHandler
                0x0000000008000c18                EXTI3_IRQHandler
                0x0000000008000c18                TIM8_TRG_COM_TIM14_IRQHandler
                0x0000000008000c18                TIM1_UP_TIM10_IRQHandler
                0x0000000008000c18                TIM8_UP_TIM13_IRQHandler
                0x0000000008000c18                I2C3_ER_IRQHandler
                0x0000000008000c18                EXTI0_IRQHandler
                0x0000000008000c18                I2C2_EV_IRQHandler
                0x0000000008000c18                DMA1_Stream2_IRQHandler
                0x0000000008000c18                CAN1_RX0_IRQHandler
                0x0000000008000c18                FPU_IRQHandler
                0x0000000008000c18                OTG_HS_WKUP_IRQHandler
                0x0000000008000c18                LTDC_ER_IRQHandler
                0x0000000008000c18                CAN2_SCE_IRQHandler
                0x0000000008000c18                DMA2_Stream2_IRQHandler
                0x0000000008000c18                SPI1_IRQHandler
                0x0000000008000c18                TIM6_DAC_IRQHandler
                0x0000000008000c18                TIM1_BRK_TIM9_IRQHandler
                0x0000000008000c18                DCMI_IRQHandler
                0x0000000008000c18                CAN2_RX0_IRQHandler
                0x0000000008000c18                DMA2_Stream3_IRQHandler
                0x0000000008000c18                SAI2_IRQHandler
                0x0000000008000c18                USART6_IRQHandler
                0x0000000008000c18                USART3_IRQHandler
                0x0000000008000c18                CAN1_RX1_IRQHandler
                0x0000000008000c18                UART5_IRQHandler
                0x0000000008000c18                DMA2_Stream0_IRQHandler
                0x0000000008000c18                TIM4_IRQHandler
                0x0000000008000c18                QUADSPI_IRQHandler
                0x0000000008000c18                I2C1_EV_IRQHandler
                0x0000000008000c18                DMA1_Stream6_IRQHandler
                0x0000000008000c18                DMA1_Stream1_IRQHandler
                0x0000000008000c18                UART4_IRQHandler
                0x0000000008000c18                TIM3_IRQHandler
                0x0000000008000c18                RCC_IRQHandler
                0x0000000008000c18                TIM8_BRK_TIM12_IRQHandler
                0x0000000008000c18                Default_Handler
                0x0000000008000c18                CEC_IRQHandler
                0x0000000008000c18                EXTI15_10_IRQHandler
                0x0000000008000c18                ADC_IRQHandler
                0x0000000008000c18                DMA1_Stream7_IRQHandler
                0x0000000008000c18                SPI5_IRQHandler
                0x0000000008000c18                TIM7_IRQHandler
                0x0000000008000c18                SDMMC1_IRQHandler
                0x0000000008000c18                CAN2_TX_IRQHandler
                0x0000000008000c18                TIM5_IRQHandler
                0x0000000008000c18                DMA2_Stream7_IRQHandler
                0x0000000008000c18                I2C3_EV_IRQHandler
                0x0000000008000c18                RTC_WKUP_IRQHandler
                0x0000000008000c18                LTDC_IRQHandler
                0x0000000008000c18                ETH_WKUP_IRQHandler
                0x0000000008000c18                SPDIF_RX_IRQHandler
                0x0000000008000c18                SPI2_IRQHandler
                0x0000000008000c18                OTG_HS_EP1_IN_IRQHandler
                0x0000000008000c18                DMA1_Stream0_IRQHandler
                0x0000000008000c18                CAN1_TX_IRQHandler
                0x0000000008000c18                EXTI4_IRQHandler
                0x0000000008000c18                RNG_IRQHandler
                0x0000000008000c18                ETH_IRQHandler
                0x0000000008000c18                OTG_HS_EP1_OUT_IRQHandler
                0x0000000008000c18                WWDG_IRQHandler
                0x0000000008000c18                SPI6_IRQHandler
                0x0000000008000c18                I2C4_EV_IRQHandler
                0x0000000008000c18                TIM2_IRQHandler
                0x0000000008000c18                OTG_FS_WKUP_IRQHandler
                0x0000000008000c18                TIM1_TRG_COM_TIM11_IRQHandler
                0x0000000008000c18                OTG_HS_IRQHandler
                0x0000000008000c18                DMA2D_IRQHandler
                0x0000000008000c18                EXTI1_IRQHandler
                0x0000000008000c18                UART7_IRQHandler
                0x0000000008000c18                USART2_IRQHandler
                0x0000000008000c18                I2C2_ER_IRQHandler
                0x0000000008000c18                DMA2_Stream1_IRQHandler
                0x0000000008000c18                CAN1_SCE_IRQHandler
                0x0000000008000c18                FLASH_IRQHandler
                0x0000000008000c18                DMA2_Stream4_IRQHandler
                0x0000000008000c18                USART1_IRQHandler
                0x0000000008000c18                OTG_FS_IRQHandler
                0x0000000008000c18                SPI3_IRQHandler
                0x0000000008000c18                DMA1_Stream4_IRQHandler
                0x0000000008000c18                I2C1_ER_IRQHandler
                0x0000000008000c18                FMC_IRQHandler
                0x0000000008000c18                LPTIM1_IRQHandler
                0x0000000008000c18                I2C4_ER_IRQHandler
                0x0000000008000c18                DMA2_Stream6_IRQHandler
                0x0000000008000c18                SAI1_IRQHandler
                0x0000000008000c18                RTC_Alarm_IRQHandler
 *fill*         0x0000000008000c1a        0x2 
 .text.HAL_InitTick
                0x0000000008000c1c       0x48 ./Drivers/STM32F7xx_HAL_Driver/Src/stm32f7xx_hal.o
                0x0000000008000c1c                HAL_InitTick
 .text.HAL_Init
                0x0000000008000c64       0x18 ./Drivers/STM32F7xx_HAL_Driver/Src/stm32f7xx_hal.o
                0x0000000008000c64                HAL_Init
 .text.HAL_IncTick
                0x0000000008000c7c       0x18 ./Drivers/STM32F7xx_HAL_Driver/Src/stm32f7xx_hal.o
                0x0000000008000c7c                HAL_IncTick
 .text.HAL_GetTick
                0x0000000008000c94        0xc ./Drivers/STM32F7xx_HAL_Driver/Src/stm32f7xx_hal.o
                0x0000000008000c94                HAL_GetTick
 .text.HAL_Delay
                0x0000000008000ca0       0x24 ./Drivers/STM32F7xx_HAL_Driver/Src/stm32f7xx_hal.o
                0x0000000008000ca0                HAL_Delay
 .text.HAL_NVIC_SetPriorityGrouping
                0x0000000008000cc4       0x24 ./Drivers/STM32F7xx_HAL_Driver/Src/stm32f7xx_hal_cortex.o
                0x0000000008000cc4                HAL_NVIC_SetPriorityGrouping
 .text.HAL_NVIC_SetPriority
                0x0000000008000ce8       0x7c ./Drivers/STM32F7xx_HAL_Driver/Src/stm32f7xx_hal_cortex.o
                0x0000000008000ce8                HAL_NVIC_SetPriority
 .text.HAL_NVIC_EnableIRQ
                0x0000000008000d64       0x1c ./Drivers/STM32F7xx_HAL_Driver/Src/stm32f7xx_hal_cortex.o
                0x0000000008000d64                HAL_NVIC_EnableIRQ
 .text.HAL_SYSTICK_Config
                0x0000000008000d80       0x2c ./Drivers/STM32F7xx_HAL_Driver/Src/stm32f7xx_hal_cortex.o
                0x0000000008000d80                HAL_SYSTICK_Config
 .text.HAL_GPIO_Init
                0x0000000008000dac      0x268 ./Drivers/STM32F7xx_HAL_Driver/Src/stm32f7xx_hal_gpio.o
                0x0000000008000dac                HAL_GPIO_Init
 .text.HAL_GPIO_ReadPin
                0x0000000008001014        0xc ./Drivers/STM32F7xx_HAL_Driver/Src/stm32f7xx_hal_gpio.o
                0x0000000008001014                HAL_GPIO_ReadPin
 .text.HAL_GPIO_WritePin
                0x0000000008001020        0x8 ./Drivers/STM32F7xx_HAL_Driver/Src/stm32f7xx_hal_gpio.o
                0x0000000008001020                HAL_GPIO_WritePin
 .text.HAL_GPIO_EXTI_IRQHandler
                0x0000000008001028       0x18 ./Drivers/STM32F7xx_HAL_Driver/Src/stm32f7xx_hal_gpio.o
                0x0000000008001028                HAL_GPIO_EXTI_IRQHandler
 .text.HAL_PWREx_EnableOverDrive
                0x0000000008001040       0x74 ./Drivers/STM32F7xx_HAL_Driver/Src/stm32f7xx_hal_pwr_ex.o
                0x0000000008001040                HAL_PWREx_EnableOverDrive
 .text.HAL_RCC_OscConfig
                0x00000000080010b4      0x3dc ./Drivers/STM32F7xx_HAL_Driver/Src/stm32f7xx_hal_rcc.o
                0x00000000080010b4                HAL_RCC_OscConfig
 .text.HAL_RCC_ClockConfig
                0x0000000008001490      0x1a8 ./Drivers/STM32F7xx_HAL_Driver/Src/stm32f7xx_hal_rcc.o
                0x0000000008001490                HAL_RCC_ClockConfig
 .text.HAL_TIM_Base_Init
                0x0000000008001638      0x16c ./Drivers/STM32F7xx_HAL_Driver/Src/stm32f7xx_hal_tim.o
                0x0000000008001638                HAL_TIM_Base_Init
 .text.HAL_TIM_OC_MspInit
                0x00000000080017a4        0x4 ./Drivers/STM32F7xx_HAL_Driver/Src/stm32f7xx_hal_tim.o
                0x00000000080017a4                HAL_TIM_OC_MspInit
 .text.HAL_TIM_OC_Init
                0x00000000080017a8      0x16c ./Drivers/STM32F7xx_HAL_Driver/Src/stm32f7xx_hal_tim.o
                0x00000000080017a8                HAL_TIM_OC_Init
 .text.HAL_TIM_OC_Start_IT
                0x0000000008001914      0x1b8 ./Drivers/STM32F7xx_HAL_Driver/Src/stm32f7xx_hal_tim.o
                0x0000000008001914                HAL_TIM_OC_Start_IT
 .text.HAL_TIM_OC_ConfigChannel
                0x0000000008001acc      0x2a8 ./Drivers/STM32F7xx_HAL_Driver/Src/stm32f7xx_hal_tim.o
                0x0000000008001acc                HAL_TIM_OC_ConfigChannel
 .text.HAL_TIM_ConfigClockSource
                0x0000000008001d74      0x160 ./Drivers/STM32F7xx_HAL_Driver/Src/stm32f7xx_hal_tim.o
                0x0000000008001d74                HAL_TIM_ConfigClockSource
 .text.HAL_TIM_PeriodElapsedCallback
                0x0000000008001ed4        0x4 ./Drivers/STM32F7xx_HAL_Driver/Src/stm32f7xx_hal_tim.o
                0x0000000008001ed4                HAL_TIM_PeriodElapsedCallback
 .text.HAL_TIM_IC_CaptureCallback
                0x0000000008001ed8        0x4 ./Drivers/STM32F7xx_HAL_Driver/Src/stm32f7xx_hal_tim.o
                0x0000000008001ed8                HAL_TIM_IC_CaptureCallback
 .text.HAL_TIM_PWM_PulseFinishedCallback
                0x0000000008001edc        0x4 ./Drivers/STM32F7xx_HAL_Driver/Src/stm32f7xx_hal_tim.o
                0x0000000008001edc                HAL_TIM_PWM_PulseFinishedCallback
 .text.HAL_TIM_TriggerCallback
                0x0000000008001ee0        0x4 ./Drivers/STM32F7xx_HAL_Driver/Src/stm32f7xx_hal_tim.o
                0x0000000008001ee0                HAL_TIM_TriggerCallback
 .text.HAL_TIM_IRQHandler
                0x0000000008001ee4      0x170 ./Drivers/STM32F7xx_HAL_Driver/Src/stm32f7xx_hal_tim.o
                0x0000000008001ee4                HAL_TIM_IRQHandler
 .text.HAL_TIMEx_MasterConfigSynchronization
                0x0000000008002054       0xb4 ./Drivers/STM32F7xx_HAL_Driver/Src/stm32f7xx_hal_tim_ex.o
                0x0000000008002054                HAL_TIMEx_MasterConfigSynchronization
 .text.HAL_TIMEx_ConfigBreakDeadTime
                0x0000000008002108       0x8c ./Drivers/STM32F7xx_HAL_Driver/Src/stm32f7xx_hal_tim_ex.o
                0x0000000008002108                HAL_TIMEx_ConfigBreakDeadTime
 .text.HAL_TIMEx_CommutCallback
                0x0000000008002194        0x4 ./Drivers/STM32F7xx_HAL_Driver/Src/stm32f7xx_hal_tim_ex.o
                0x0000000008002194                HAL_TIMEx_CommutCallback
 .text.HAL_TIMEx_BreakCallback
                0x0000000008002198        0x4 ./Drivers/STM32F7xx_HAL_Driver/Src/stm32f7xx_hal_tim_ex.o
                0x0000000008002198                HAL_TIMEx_BreakCallback
 .text.HAL_TIMEx_Break2Callback
                0x000000000800219c        0x4 ./Drivers/STM32F7xx_HAL_Driver/Src/stm32f7xx_hal_tim_ex.o
                0x000000000800219c                HAL_TIMEx_Break2Callback
 .text.__libc_init_array
                0x00000000080021a0       0x48 /Applications/STM32CubeIDE.app/Contents/Eclipse/plugins/com.st.stm32cube.ide.mcu.externaltools.gnu-tools-for-stm32.10.3-2021.10.macos64_1.0.0.202111181127/tools/bin/../lib/gcc/arm-none-eabi/10.3.1/../../../../arm-none-eabi/lib/thumb/v7e-m+fp/hard/libc_nano.a(lib_a-init.o)
                0x00000000080021a0                __libc_init_array
 .text.memset   0x00000000080021e8       0x10 /Applications/STM32CubeIDE.app/Contents/Eclipse/plugins/com.st.stm32cube.ide.mcu.externaltools.gnu-tools-for-stm32.10.3-2021.10.macos64_1.0.0.202111181127/tools/bin/../lib/gcc/arm-none-eabi/10.3.1/../../../../arm-none-eabi/lib/thumb/v7e-m+fp/hard/libc_nano.a(lib_a-memset.o)
                0x00000000080021e8                memset
 *(.glue_7)
 .glue_7        0x00000000080021f8        0x0 linker stubs
 *(.glue_7t)
 .glue_7t       0x00000000080021f8        0x0 linker stubs
 *(.eh_frame)
 .eh_frame      0x00000000080021f8        0x0 /Applications/STM32CubeIDE.app/Contents/Eclipse/plugins/com.st.stm32cube.ide.mcu.externaltools.gnu-tools-for-stm32.10.3-2021.10.macos64_1.0.0.202111181127/tools/bin/../lib/gcc/arm-none-eabi/10.3.1/thumb/v7e-m+fp/hard/crtbegin.o
 *(.init)
 .init          0x00000000080021f8        0x4 /Applications/STM32CubeIDE.app/Contents/Eclipse/plugins/com.st.stm32cube.ide.mcu.externaltools.gnu-tools-for-stm32.10.3-2021.10.macos64_1.0.0.202111181127/tools/bin/../lib/gcc/arm-none-eabi/10.3.1/thumb/v7e-m+fp/hard/crti.o
                0x00000000080021f8                _init
 .init          0x00000000080021fc        0x8 /Applications/STM32CubeIDE.app/Contents/Eclipse/plugins/com.st.stm32cube.ide.mcu.externaltools.gnu-tools-for-stm32.10.3-2021.10.macos64_1.0.0.202111181127/tools/bin/../lib/gcc/arm-none-eabi/10.3.1/thumb/v7e-m+fp/hard/crtn.o
 *(.fini)
 .fini          0x0000000008002204        0x4 /Applications/STM32CubeIDE.app/Contents/Eclipse/plugins/com.st.stm32cube.ide.mcu.externaltools.gnu-tools-for-stm32.10.3-2021.10.macos64_1.0.0.202111181127/tools/bin/../lib/gcc/arm-none-eabi/10.3.1/thumb/v7e-m+fp/hard/crti.o
                0x0000000008002204                _fini
 .fini          0x0000000008002208        0x8 /Applications/STM32CubeIDE.app/Contents/Eclipse/plugins/com.st.stm32cube.ide.mcu.externaltools.gnu-tools-for-stm32.10.3-2021.10.macos64_1.0.0.202111181127/tools/bin/../lib/gcc/arm-none-eabi/10.3.1/thumb/v7e-m+fp/hard/crtn.o
                0x0000000008002210                . = ALIGN (0x4)
                0x0000000008002210                _etext = .

.vfp11_veneer   0x0000000008002210        0x0
 .vfp11_veneer  0x0000000008002210        0x0 linker stubs

.v4_bx          0x0000000008002210        0x0
 .v4_bx         0x0000000008002210        0x0 linker stubs

.iplt           0x0000000008002210        0x0
 .iplt          0x0000000008002210        0x0 /Applications/STM32CubeIDE.app/Contents/Eclipse/plugins/com.st.stm32cube.ide.mcu.externaltools.gnu-tools-for-stm32.10.3-2021.10.macos64_1.0.0.202111181127/tools/bin/../lib/gcc/arm-none-eabi/10.3.1/thumb/v7e-m+fp/hard/crtbegin.o

.rodata         0x0000000008002210       0x10
                0x0000000008002210                . = ALIGN (0x4)
 *(.rodata)
 *(.rodata*)
 .rodata.AHBPrescTable
                0x0000000008002210       0x10 ./Core/Src/system_stm32f7xx.o
                0x0000000008002210                AHBPrescTable
                0x0000000008002220                . = ALIGN (0x4)

.ARM.extab      0x0000000008002220        0x0
                0x0000000008002220                . = ALIGN (0x4)
 *(.ARM.extab* .gnu.linkonce.armextab.*)
                0x0000000008002220                . = ALIGN (0x4)

.ARM            0x0000000008002220        0x8
                0x0000000008002220                . = ALIGN (0x4)
                0x0000000008002220                __exidx_start = .
 *(.ARM.exidx*)
 .ARM.exidx     0x0000000008002220        0x8 /Applications/STM32CubeIDE.app/Contents/Eclipse/plugins/com.st.stm32cube.ide.mcu.externaltools.gnu-tools-for-stm32.10.3-2021.10.macos64_1.0.0.202111181127/tools/bin/../lib/gcc/arm-none-eabi/10.3.1/thumb/v7e-m+fp/hard/libgcc.a(_udivmoddi4.o)
                0x0000000008002228                __exidx_end = .
                0x0000000008002228                . = ALIGN (0x4)

.rel.dyn        0x0000000008002228        0x0
 .rel.iplt      0x0000000008002228        0x0 /Applications/STM32CubeIDE.app/Contents/Eclipse/plugins/com.st.stm32cube.ide.mcu.externaltools.gnu-tools-for-stm32.10.3-2021.10.macos64_1.0.0.202111181127/tools/bin/../lib/gcc/arm-none-eabi/10.3.1/thumb/v7e-m+fp/hard/crtbegin.o

.preinit_array  0x0000000008002228        0x0
                0x0000000008002228                . = ALIGN (0x4)
                0x0000000008002228                PROVIDE (__preinit_array_start = .)
 *(.preinit_array*)
                0x0000000008002228                PROVIDE (__preinit_array_end = .)
                0x0000000008002228                . = ALIGN (0x4)

.init_array     0x0000000008002228        0x4
                0x0000000008002228                . = ALIGN (0x4)
                0x0000000008002228                PROVIDE (__init_array_start = .)
 *(SORT_BY_NAME(.init_array.*))
 *(.init_array*)
 .init_array    0x0000000008002228        0x4 /Applications/STM32CubeIDE.app/Contents/Eclipse/plugins/com.st.stm32cube.ide.mcu.externaltools.gnu-tools-for-stm32.10.3-2021.10.macos64_1.0.0.202111181127/tools/bin/../lib/gcc/arm-none-eabi/10.3.1/thumb/v7e-m+fp/hard/crtbegin.o
                0x000000000800222c                PROVIDE (__init_array_end = .)
                0x000000000800222c                . = ALIGN (0x4)

.fini_array     0x000000000800222c        0x4
                0x000000000800222c                . = ALIGN (0x4)
                [!provide]                        PROVIDE (__fini_array_start = .)
 *(SORT_BY_NAME(.fini_array.*))
 *(.fini_array*)
 .fini_array    0x000000000800222c        0x4 /Applications/STM32CubeIDE.app/Contents/Eclipse/plugins/com.st.stm32cube.ide.mcu.externaltools.gnu-tools-for-stm32.10.3-2021.10.macos64_1.0.0.202111181127/tools/bin/../lib/gcc/arm-none-eabi/10.3.1/thumb/v7e-m+fp/hard/crtbegin.o
                [!provide]                        PROVIDE (__fini_array_end = .)
                0x0000000008002230                . = ALIGN (0x4)
                0x0000000008002230                _sidata = LOADADDR (.data)

.data           0x0000000020000000        0xc load address 0x0000000008002230
                0x0000000020000000                . = ALIGN (0x4)
                0x0000000020000000                _sdata = .
 *(.data)
 *(.data*)
 .data.SystemCoreClock
                0x0000000020000000        0x4 ./Core/Src/system_stm32f7xx.o
                0x0000000020000000                SystemCoreClock
 .data.uwTickFreq
                0x0000000020000004        0x1 ./Drivers/STM32F7xx_HAL_Driver/Src/stm32f7xx_hal.o
                0x0000000020000004                uwTickFreq
 *fill*         0x0000000020000005        0x3 
 .data.uwTickPrio
                0x0000000020000008        0x4 ./Drivers/STM32F7xx_HAL_Driver/Src/stm32f7xx_hal.o
                0x0000000020000008                uwTickPrio
 *(.RamFunc)
 *(.RamFunc*)
                0x000000002000000c                . = ALIGN (0x4)
                0x000000002000000c                _edata = .

.igot.plt       0x000000002000000c        0x0 load address 0x000000000800223c
 .igot.plt      0x000000002000000c        0x0 /Applications/STM32CubeIDE.app/Contents/Eclipse/plugins/com.st.stm32cube.ide.mcu.externaltools.gnu-tools-for-stm32.10.3-2021.10.macos64_1.0.0.202111181127/tools/bin/../lib/gcc/arm-none-eabi/10.3.1/thumb/v7e-m+fp/hard/crtbegin.o
                0x000000002000000c                . = ALIGN (0x4)

.bss            0x000000002000000c       0xc0 load address 0x000000000800223c
                0x000000002000000c                _sbss = .
                0x000000002000000c                __bss_start__ = _sbss
 *(.bss)
 .bss           0x000000002000000c       0x1c /Applications/STM32CubeIDE.app/Contents/Eclipse/plugins/com.st.stm32cube.ide.mcu.externaltools.gnu-tools-for-stm32.10.3-2021.10.macos64_1.0.0.202111181127/tools/bin/../lib/gcc/arm-none-eabi/10.3.1/thumb/v7e-m+fp/hard/crtbegin.o
 *(.bss*)
 .bss.end_stop_state
                0x0000000020000028        0x1 ./Core/Src/main.o
                0x0000000020000028                end_stop_state
 .bss.homing_flag
                0x0000000020000029        0x1 ./Core/Src/main.o
                0x0000000020000029                homing_flag
 *fill*         0x000000002000002a        0x2 
 .bss.htim1     0x000000002000002c       0x4c ./Core/Src/main.o
                0x000000002000002c                htim1
 .bss.nextStepperFlag
                0x0000000020000078        0x1 ./Core/Src/main.o
                0x0000000020000078                nextStepperFlag
 .bss.remainingSteppersFlag
                0x0000000020000079        0x1 ./Core/Src/main.o
                0x0000000020000079                remainingSteppersFlag
 *fill*         0x000000002000007a        0x2 
 .bss.steppers  0x000000002000007c       0x4c ./Core/Src/main.o
                0x000000002000007c                steppers
 .bss.uwTick    0x00000000200000c8        0x4 ./Drivers/STM32F7xx_HAL_Driver/Src/stm32f7xx_hal.o
                0x00000000200000c8                uwTick
 *(COMMON)
                0x00000000200000cc                . = ALIGN (0x4)
                0x00000000200000cc                _ebss = .
                0x00000000200000cc                __bss_end__ = _ebss

._user_heap_stack
                0x00000000200000cc      0x604 load address 0x000000000800223c
                0x00000000200000d0                . = ALIGN (0x8)
 *fill*         0x00000000200000cc        0x4 
                [!provide]                        PROVIDE (end = .)
                0x00000000200000d0                PROVIDE (_end = .)
                0x00000000200002d0                . = (. + _Min_Heap_Size)
 *fill*         0x00000000200000d0      0x200 
                0x00000000200006d0                . = (. + _Min_Stack_Size)
 *fill*         0x00000000200002d0      0x400 
                0x00000000200006d0                . = ALIGN (0x8)

/DISCARD/
 libc.a(*)
 libm.a(*)
 libgcc.a(*)

.ARM.attributes
                0x0000000000000000       0x30
 *(.ARM.attributes)
 .ARM.attributes
                0x0000000000000000       0x1e /Applications/STM32CubeIDE.app/Contents/Eclipse/plugins/com.st.stm32cube.ide.mcu.externaltools.gnu-tools-for-stm32.10.3-2021.10.macos64_1.0.0.202111181127/tools/bin/../lib/gcc/arm-none-eabi/10.3.1/thumb/v7e-m+fp/hard/crti.o
 .ARM.attributes
                0x000000000000001e       0x34 /Applications/STM32CubeIDE.app/Contents/Eclipse/plugins/com.st.stm32cube.ide.mcu.externaltools.gnu-tools-for-stm32.10.3-2021.10.macos64_1.0.0.202111181127/tools/bin/../lib/gcc/arm-none-eabi/10.3.1/thumb/v7e-m+fp/hard/crtbegin.o
 .ARM.attributes
                0x0000000000000052       0x34 ./Core/Src/main.o
 .ARM.attributes
                0x0000000000000086       0x34 ./Core/Src/stm32f7xx_hal_msp.o
 .ARM.attributes
                0x00000000000000ba       0x34 ./Core/Src/stm32f7xx_it.o
 .ARM.attributes
                0x00000000000000ee       0x34 ./Core/Src/system_stm32f7xx.o
 .ARM.attributes
                0x0000000000000122       0x21 ./Core/Startup/startup_stm32f746zgtx.o
 .ARM.attributes
                0x0000000000000143       0x34 ./Drivers/STM32F7xx_HAL_Driver/Src/stm32f7xx_hal.o
 .ARM.attributes
                0x0000000000000177       0x34 ./Drivers/STM32F7xx_HAL_Driver/Src/stm32f7xx_hal_cortex.o
 .ARM.attributes
                0x00000000000001ab       0x34 ./Drivers/STM32F7xx_HAL_Driver/Src/stm32f7xx_hal_gpio.o
 .ARM.attributes
                0x00000000000001df       0x34 ./Drivers/STM32F7xx_HAL_Driver/Src/stm32f7xx_hal_pwr_ex.o
 .ARM.attributes
                0x0000000000000213       0x34 ./Drivers/STM32F7xx_HAL_Driver/Src/stm32f7xx_hal_rcc.o
 .ARM.attributes
                0x0000000000000247       0x34 ./Drivers/STM32F7xx_HAL_Driver/Src/stm32f7xx_hal_tim.o
 .ARM.attributes
                0x000000000000027b       0x34 ./Drivers/STM32F7xx_HAL_Driver/Src/stm32f7xx_hal_tim_ex.o
 .ARM.attributes
                0x00000000000002af       0x34 /Applications/STM32CubeIDE.app/Contents/Eclipse/plugins/com.st.stm32cube.ide.mcu.externaltools.gnu-tools-for-stm32.10.3-2021.10.macos64_1.0.0.202111181127/tools/bin/../lib/gcc/arm-none-eabi/10.3.1/../../../../arm-none-eabi/lib/thumb/v7e-m+fp/hard/libc_nano.a(lib_a-init.o)
 .ARM.attributes
                0x00000000000002e3       0x34 /Applications/STM32CubeIDE.app/Contents/Eclipse/plugins/com.st.stm32cube.ide.mcu.externaltools.gnu-tools-for-stm32.10.3-2021.10.macos64_1.0.0.202111181127/tools/bin/../lib/gcc/arm-none-eabi/10.3.1/../../../../arm-none-eabi/lib/thumb/v7e-m+fp/hard/libc_nano.a(lib_a-memset.o)
 .ARM.attributes
                0x0000000000000317       0x1e /Applications/STM32CubeIDE.app/Contents/Eclipse/plugins/com.st.stm32cube.ide.mcu.externaltools.gnu-tools-for-stm32.10.3-2021.10.macos64_1.0.0.202111181127/tools/bin/../lib/gcc/arm-none-eabi/10.3.1/thumb/v7e-m+fp/hard/libgcc.a(_aeabi_uldivmod.o)
 .ARM.attributes
                0x0000000000000335       0x34 /Applications/STM32CubeIDE.app/Contents/Eclipse/plugins/com.st.stm32cube.ide.mcu.externaltools.gnu-tools-for-stm32.10.3-2021.10.macos64_1.0.0.202111181127/tools/bin/../lib/gcc/arm-none-eabi/10.3.1/thumb/v7e-m+fp/hard/libgcc.a(_udivmoddi4.o)
 .ARM.attributes
                0x0000000000000369       0x1e /Applications/STM32CubeIDE.app/Contents/Eclipse/plugins/com.st.stm32cube.ide.mcu.externaltools.gnu-tools-for-stm32.10.3-2021.10.macos64_1.0.0.202111181127/tools/bin/../lib/gcc/arm-none-eabi/10.3.1/thumb/v7e-m+fp/hard/libgcc.a(_dvmd_tls.o)
 .ARM.attributes
                0x0000000000000387       0x1e /Applications/STM32CubeIDE.app/Contents/Eclipse/plugins/com.st.stm32cube.ide.mcu.externaltools.gnu-tools-for-stm32.10.3-2021.10.macos64_1.0.0.202111181127/tools/bin/../lib/gcc/arm-none-eabi/10.3.1/thumb/v7e-m+fp/hard/crtn.o
OUTPUT(STM32F746_LinerSpeedInterrupt_Absolute_Homing.elf elf32-littlearm)
LOAD linker stubs
LOAD /Applications/STM32CubeIDE.app/Contents/Eclipse/plugins/com.st.stm32cube.ide.mcu.externaltools.gnu-tools-for-stm32.10.3-2021.10.macos64_1.0.0.202111181127/tools/bin/../lib/gcc/arm-none-eabi/10.3.1/../../../../arm-none-eabi/lib/thumb/v7e-m+fp/hard/libc.a
LOAD /Applications/STM32CubeIDE.app/Contents/Eclipse/plugins/com.st.stm32cube.ide.mcu.externaltools.gnu-tools-for-stm32.10.3-2021.10.macos64_1.0.0.202111181127/tools/bin/../lib/gcc/arm-none-eabi/10.3.1/../../../../arm-none-eabi/lib/thumb/v7e-m+fp/hard/libm.a
LOAD /Applications/STM32CubeIDE.app/Contents/Eclipse/plugins/com.st.stm32cube.ide.mcu.externaltools.gnu-tools-for-stm32.10.3-2021.10.macos64_1.0.0.202111181127/tools/bin/../lib/gcc/arm-none-eabi/10.3.1/thumb/v7e-m+fp/hard/libgcc.a

.debug_info     0x0000000000000000     0xed00
 .debug_info    0x0000000000000000     0x23a3 ./Core/Src/main.o
 .debug_info    0x00000000000023a3      0xc5e ./Core/Src/stm32f7xx_hal_msp.o
 .debug_info    0x0000000000003001      0x7e1 ./Core/Src/stm32f7xx_it.o
 .debug_info    0x00000000000037e2      0x745 ./Core/Src/system_stm32f7xx.o
 .debug_info    0x0000000000003f27       0x22 ./Core/Startup/startup_stm32f746zgtx.o
 .debug_info    0x0000000000003f49      0xadf ./Drivers/STM32F7xx_HAL_Driver/Src/stm32f7xx_hal.o
 .debug_info    0x0000000000004a28     0x12db ./Drivers/STM32F7xx_HAL_Driver/Src/stm32f7xx_hal_cortex.o
 .debug_info    0x0000000000005d03      0x7e0 ./Drivers/STM32F7xx_HAL_Driver/Src/stm32f7xx_hal_gpio.o
 .debug_info    0x00000000000064e3      0xa10 ./Drivers/STM32F7xx_HAL_Driver/Src/stm32f7xx_hal_pwr_ex.o
 .debug_info    0x0000000000006ef3      0xceb ./Drivers/STM32F7xx_HAL_Driver/Src/stm32f7xx_hal_rcc.o
 .debug_info    0x0000000000007bde     0x5327 ./Drivers/STM32F7xx_HAL_Driver/Src/stm32f7xx_hal_tim.o
 .debug_info    0x000000000000cf05     0x1dfb ./Drivers/STM32F7xx_HAL_Driver/Src/stm32f7xx_hal_tim_ex.o

.debug_abbrev   0x0000000000000000     0x1e0d
 .debug_abbrev  0x0000000000000000      0x531 ./Core/Src/main.o
 .debug_abbrev  0x0000000000000531      0x1c7 ./Core/Src/stm32f7xx_hal_msp.o
 .debug_abbrev  0x00000000000006f8      0x1f7 ./Core/Src/stm32f7xx_it.o
 .debug_abbrev  0x00000000000008ef      0x13c ./Core/Src/system_stm32f7xx.o
 .debug_abbrev  0x0000000000000a2b       0x12 ./Core/Startup/startup_stm32f746zgtx.o
 .debug_abbrev  0x0000000000000a3d      0x289 ./Drivers/STM32F7xx_HAL_Driver/Src/stm32f7xx_hal.o
 .debug_abbrev  0x0000000000000cc6      0x363 ./Drivers/STM32F7xx_HAL_Driver/Src/stm32f7xx_hal_cortex.o
 .debug_abbrev  0x0000000000001029      0x204 ./Drivers/STM32F7xx_HAL_Driver/Src/stm32f7xx_hal_gpio.o
 .debug_abbrev  0x000000000000122d      0x1e5 ./Drivers/STM32F7xx_HAL_Driver/Src/stm32f7xx_hal_pwr_ex.o
 .debug_abbrev  0x0000000000001412      0x322 ./Drivers/STM32F7xx_HAL_Driver/Src/stm32f7xx_hal_rcc.o
 .debug_abbrev  0x0000000000001734      0x37a ./Drivers/STM32F7xx_HAL_Driver/Src/stm32f7xx_hal_tim.o
 .debug_abbrev  0x0000000000001aae      0x35f ./Drivers/STM32F7xx_HAL_Driver/Src/stm32f7xx_hal_tim_ex.o

.debug_loc      0x0000000000000000     0xc339
 .debug_loc     0x0000000000000000      0xc48 ./Core/Src/main.o
 .debug_loc     0x0000000000000c48       0x4a ./Core/Src/stm32f7xx_hal_msp.o
 .debug_loc     0x0000000000000c92      0x118 ./Core/Src/system_stm32f7xx.o
 .debug_loc     0x0000000000000daa      0x168 ./Drivers/STM32F7xx_HAL_Driver/Src/stm32f7xx_hal.o
 .debug_loc     0x0000000000000f12      0x7bd ./Drivers/STM32F7xx_HAL_Driver/Src/stm32f7xx_hal_cortex.o
 .debug_loc     0x00000000000016cf      0x540 ./Drivers/STM32F7xx_HAL_Driver/Src/stm32f7xx_hal_gpio.o
 .debug_loc     0x0000000000001c0f      0x278 ./Drivers/STM32F7xx_HAL_Driver/Src/stm32f7xx_hal_pwr_ex.o
 .debug_loc     0x0000000000001e87      0x72f ./Drivers/STM32F7xx_HAL_Driver/Src/stm32f7xx_hal_rcc.o
 .debug_loc     0x00000000000025b6     0x8291 ./Drivers/STM32F7xx_HAL_Driver/Src/stm32f7xx_hal_tim.o
 .debug_loc     0x000000000000a847     0x1af2 ./Drivers/STM32F7xx_HAL_Driver/Src/stm32f7xx_hal_tim_ex.o

.debug_aranges  0x0000000000000000      0x808
 .debug_aranges
                0x0000000000000000       0x98 ./Core/Src/main.o
 .debug_aranges
                0x0000000000000098       0x30 ./Core/Src/stm32f7xx_hal_msp.o
 .debug_aranges
                0x00000000000000c8       0x60 ./Core/Src/stm32f7xx_it.o
 .debug_aranges
                0x0000000000000128       0x28 ./Core/Src/system_stm32f7xx.o
 .debug_aranges
                0x0000000000000150       0x28 ./Core/Startup/startup_stm32f746zgtx.o
 .debug_aranges
                0x0000000000000178       0xf8 ./Drivers/STM32F7xx_HAL_Driver/Src/stm32f7xx_hal.o
 .debug_aranges
                0x0000000000000270       0xa8 ./Drivers/STM32F7xx_HAL_Driver/Src/stm32f7xx_hal_cortex.o
 .debug_aranges
                0x0000000000000318       0x58 ./Drivers/STM32F7xx_HAL_Driver/Src/stm32f7xx_hal_gpio.o
 .debug_aranges
                0x0000000000000370       0x80 ./Drivers/STM32F7xx_HAL_Driver/Src/stm32f7xx_hal_pwr_ex.o
 .debug_aranges
                0x00000000000003f0       0x88 ./Drivers/STM32F7xx_HAL_Driver/Src/stm32f7xx_hal_rcc.o
 .debug_aranges
                0x0000000000000478      0x278 ./Drivers/STM32F7xx_HAL_Driver/Src/stm32f7xx_hal_tim.o
 .debug_aranges
                0x00000000000006f0      0x118 ./Drivers/STM32F7xx_HAL_Driver/Src/stm32f7xx_hal_tim_ex.o

.debug_ranges   0x0000000000000000     0x1af8
 .debug_ranges  0x0000000000000000      0x6b0 ./Core/Src/main.o
 .debug_ranges  0x00000000000006b0       0x58 ./Core/Src/stm32f7xx_hal_msp.o
 .debug_ranges  0x0000000000000708       0x50 ./Core/Src/stm32f7xx_it.o
 .debug_ranges  0x0000000000000758       0x18 ./Core/Src/system_stm32f7xx.o
 .debug_ranges  0x0000000000000770       0x20 ./Core/Startup/startup_stm32f746zgtx.o
 .debug_ranges  0x0000000000000790       0xe8 ./Drivers/STM32F7xx_HAL_Driver/Src/stm32f7xx_hal.o
 .debug_ranges  0x0000000000000878      0x150 ./Drivers/STM32F7xx_HAL_Driver/Src/stm32f7xx_hal_cortex.o
 .debug_ranges  0x00000000000009c8       0x70 ./Drivers/STM32F7xx_HAL_Driver/Src/stm32f7xx_hal_gpio.o
 .debug_ranges  0x0000000000000a38      0x120 ./Drivers/STM32F7xx_HAL_Driver/Src/stm32f7xx_hal_pwr_ex.o
 .debug_ranges  0x0000000000000b58      0x170 ./Drivers/STM32F7xx_HAL_Driver/Src/stm32f7xx_hal_rcc.o
 .debug_ranges  0x0000000000000cc8      0xb60 ./Drivers/STM32F7xx_HAL_Driver/Src/stm32f7xx_hal_tim.o
 .debug_ranges  0x0000000000001828      0x2d0 ./Drivers/STM32F7xx_HAL_Driver/Src/stm32f7xx_hal_tim_ex.o

.debug_macro    0x0000000000000000    0x24f71
 .debug_macro   0x0000000000000000      0x2bd ./Core/Src/main.o
 .debug_macro   0x00000000000002bd      0xa78 ./Core/Src/main.o
 .debug_macro   0x0000000000000d35      0x28d ./Core/Src/main.o
 .debug_macro   0x0000000000000fc2       0x2e ./Core/Src/main.o
 .debug_macro   0x0000000000000ff0       0x3b ./Core/Src/main.o
 .debug_macro   0x000000000000102b       0x22 ./Core/Src/main.o
 .debug_macro   0x000000000000104d       0x8e ./Core/Src/main.o
 .debug_macro   0x00000000000010db       0x51 ./Core/Src/main.o
 .debug_macro   0x000000000000112c      0x103 ./Core/Src/main.o
 .debug_macro   0x000000000000122f       0x6a ./Core/Src/main.o
 .debug_macro   0x0000000000001299      0x1df ./Core/Src/main.o
 .debug_macro   0x0000000000001478       0x1c ./Core/Src/main.o
 .debug_macro   0x0000000000001494       0x22 ./Core/Src/main.o
 .debug_macro   0x00000000000014b6       0xd9 ./Core/Src/main.o
 .debug_macro   0x000000000000158f     0x12cd ./Core/Src/main.o
 .debug_macro   0x000000000000285c      0x11f ./Core/Src/main.o
 .debug_macro   0x000000000000297b       0x19 ./Core/Src/main.o
 .debug_macro   0x0000000000002994    0x191da ./Core/Src/main.o
 .debug_macro   0x000000000001bb6e       0x6d ./Core/Src/main.o
 .debug_macro   0x000000000001bbdb     0x3714 ./Core/Src/main.o
 .debug_macro   0x000000000001f2ef      0x174 ./Core/Src/main.o
 .debug_macro   0x000000000001f463       0x63 ./Core/Src/main.o
 .debug_macro   0x000000000001f4c6     0x18ad ./Core/Src/main.o
 .debug_macro   0x0000000000020d73      0x6c4 ./Core/Src/main.o
 .debug_macro   0x0000000000021437      0x185 ./Core/Src/main.o
 .debug_macro   0x00000000000215bc      0x115 ./Core/Src/main.o
 .debug_macro   0x00000000000216d1      0x1fd ./Core/Src/main.o
 .debug_macro   0x00000000000218ce       0xa5 ./Core/Src/main.o
 .debug_macro   0x0000000000021973      0x24f ./Core/Src/main.o
 .debug_macro   0x0000000000021bc2       0x41 ./Core/Src/main.o
 .debug_macro   0x0000000000021c03       0x58 ./Core/Src/main.o
 .debug_macro   0x0000000000021c5b      0x236 ./Core/Src/main.o
 .debug_macro   0x0000000000021e91      0x14e ./Core/Src/main.o
 .debug_macro   0x0000000000021fdf      0x25a ./Core/Src/main.o
 .debug_macro   0x0000000000022239       0x12 ./Core/Src/main.o
 .debug_macro   0x000000000002224b      0x22c ./Core/Src/main.o
 .debug_macro   0x0000000000022477       0x61 ./Core/Src/main.o
 .debug_macro   0x00000000000224d8       0xa5 ./Core/Src/main.o
 .debug_macro   0x000000000002257d      0x12e ./Core/Src/main.o
 .debug_macro   0x00000000000226ab      0x108 ./Core/Src/main.o
 .debug_macro   0x00000000000227b3       0x35 ./Core/Src/main.o
 .debug_macro   0x00000000000227e8      0xa60 ./Core/Src/main.o
 .debug_macro   0x0000000000023248       0x59 ./Core/Src/main.o
 .debug_macro   0x00000000000232a1      0x14d ./Core/Src/main.o
 .debug_macro   0x00000000000233ee       0x1e ./Core/Src/main.o
 .debug_macro   0x000000000002340c       0x52 ./Core/Src/main.o
 .debug_macro   0x000000000002345e       0x3c ./Core/Src/main.o
 .debug_macro   0x000000000002349a       0x34 ./Core/Src/main.o
 .debug_macro   0x00000000000234ce       0x16 ./Core/Src/main.o
 .debug_macro   0x00000000000234e4       0x35 ./Core/Src/main.o
 .debug_macro   0x0000000000023519       0x16 ./Core/Src/main.o
 .debug_macro   0x000000000002352f       0x43 ./Core/Src/main.o
 .debug_macro   0x0000000000023572       0x34 ./Core/Src/main.o
 .debug_macro   0x00000000000235a6       0x10 ./Core/Src/main.o
 .debug_macro   0x00000000000235b6       0x58 ./Core/Src/main.o
 .debug_macro   0x000000000002360e       0x71 ./Core/Src/main.o
 .debug_macro   0x000000000002367f       0x1c ./Core/Src/main.o
 .debug_macro   0x000000000002369b      0x12a ./Core/Src/main.o
 .debug_macro   0x00000000000237c5      0x341 ./Core/Src/main.o
 .debug_macro   0x0000000000023b06       0x16 ./Core/Src/main.o
 .debug_macro   0x0000000000023b1c       0x29 ./Core/Src/main.o
 .debug_macro   0x0000000000023b45      0x19b ./Core/Src/main.o
 .debug_macro   0x0000000000023ce0      0x1d8 ./Core/Src/stm32f7xx_hal_msp.o
 .debug_macro   0x0000000000023eb8      0x1e2 ./Core/Src/stm32f7xx_it.o
 .debug_macro   0x000000000002409a      0x1ce ./Core/Src/system_stm32f7xx.o
 .debug_macro   0x0000000000024268      0x1f2 ./Drivers/STM32F7xx_HAL_Driver/Src/stm32f7xx_hal.o
 .debug_macro   0x000000000002445a      0x1ce ./Drivers/STM32F7xx_HAL_Driver/Src/stm32f7xx_hal_cortex.o
 .debug_macro   0x0000000000024628      0x1d4 ./Drivers/STM32F7xx_HAL_Driver/Src/stm32f7xx_hal_gpio.o
 .debug_macro   0x00000000000247fc      0x1e6 ./Drivers/STM32F7xx_HAL_Driver/Src/stm32f7xx_hal_pwr_ex.o
 .debug_macro   0x00000000000249e2      0x1f2 ./Drivers/STM32F7xx_HAL_Driver/Src/stm32f7xx_hal_rcc.o
 .debug_macro   0x0000000000024bd4      0x1cf ./Drivers/STM32F7xx_HAL_Driver/Src/stm32f7xx_hal_tim.o
 .debug_macro   0x0000000000024da3      0x1ce ./Drivers/STM32F7xx_HAL_Driver/Src/stm32f7xx_hal_tim_ex.o

.debug_line     0x0000000000000000    0x10564
 .debug_line    0x0000000000000000     0x1a0c ./Core/Src/main.o
 .debug_line    0x0000000000001a0c      0x75b ./Core/Src/stm32f7xx_hal_msp.o
 .debug_line    0x0000000000002167      0x7df ./Core/Src/stm32f7xx_it.o
 .debug_line    0x0000000000002946      0x771 ./Core/Src/system_stm32f7xx.o
 .debug_line    0x00000000000030b7       0x88 ./Core/Startup/startup_stm32f746zgtx.o
 .debug_line    0x000000000000313f      0xaa2 ./Drivers/STM32F7xx_HAL_Driver/Src/stm32f7xx_hal.o
 .debug_line    0x0000000000003be1      0xcef ./Drivers/STM32F7xx_HAL_Driver/Src/stm32f7xx_hal_cortex.o
 .debug_line    0x00000000000048d0      0xd3e ./Drivers/STM32F7xx_HAL_Driver/Src/stm32f7xx_hal_gpio.o
 .debug_line    0x000000000000560e      0xb28 ./Drivers/STM32F7xx_HAL_Driver/Src/stm32f7xx_hal_pwr_ex.o
 .debug_line    0x0000000000006136     0x136d ./Drivers/STM32F7xx_HAL_Driver/Src/stm32f7xx_hal_rcc.o
 .debug_line    0x00000000000074a3     0x6f85 ./Drivers/STM32F7xx_HAL_Driver/Src/stm32f7xx_hal_tim.o
 .debug_line    0x000000000000e428     0x213c ./Drivers/STM32F7xx_HAL_Driver/Src/stm32f7xx_hal_tim_ex.o

.debug_str      0x0000000000000000    0xe9e1e
 .debug_str     0x0000000000000000    0xe7cf0 ./Core/Src/main.o
                                      0xe84e5 (size before relaxing)
 .debug_str     0x00000000000e7cf0       0x76 ./Core/Src/stm32f7xx_hal_msp.o
                                      0xe46f8 (size before relaxing)
 .debug_str     0x00000000000e7d66      0x11b ./Core/Src/stm32f7xx_it.o
                                      0xe40c2 (size before relaxing)
 .debug_str     0x00000000000e7e81      0x1a4 ./Core/Src/system_stm32f7xx.o
                                      0xe3cef (size before relaxing)
 .debug_str     0x00000000000e8025       0x36 ./Core/Startup/startup_stm32f746zgtx.o
                                         0x9e (size before relaxing)
 .debug_str     0x00000000000e805b      0x40c ./Drivers/STM32F7xx_HAL_Driver/Src/stm32f7xx_hal.o
                                      0xe4658 (size before relaxing)
 .debug_str     0x00000000000e8467      0x328 ./Drivers/STM32F7xx_HAL_Driver/Src/stm32f7xx_hal_cortex.o
                                      0xe4643 (size before relaxing)
 .debug_str     0x00000000000e878f       0xd0 ./Drivers/STM32F7xx_HAL_Driver/Src/stm32f7xx_hal_gpio.o
                                      0xe3dad (size before relaxing)
 .debug_str     0x00000000000e885f      0x1d1 ./Drivers/STM32F7xx_HAL_Driver/Src/stm32f7xx_hal_pwr_ex.o
                                      0xe3f5e (size before relaxing)
 .debug_str     0x00000000000e8a30      0x263 ./Drivers/STM32F7xx_HAL_Driver/Src/stm32f7xx_hal_rcc.o
                                      0xe4062 (size before relaxing)
 .debug_str     0x00000000000e8c93      0xd89 ./Drivers/STM32F7xx_HAL_Driver/Src/stm32f7xx_hal_tim.o
                                      0xe5002 (size before relaxing)
 .debug_str     0x00000000000e9a1c      0x402 ./Drivers/STM32F7xx_HAL_Driver/Src/stm32f7xx_hal_tim_ex.o
                                      0xe4858 (size before relaxing)

.comment        0x0000000000000000       0x50
 .comment       0x0000000000000000       0x50 ./Core/Src/main.o
                                         0x51 (size before relaxing)
 .comment       0x0000000000000050       0x51 ./Core/Src/stm32f7xx_hal_msp.o
 .comment       0x0000000000000050       0x51 ./Core/Src/stm32f7xx_it.o
 .comment       0x0000000000000050       0x51 ./Core/Src/system_stm32f7xx.o
 .comment       0x0000000000000050       0x51 ./Drivers/STM32F7xx_HAL_Driver/Src/stm32f7xx_hal.o
 .comment       0x0000000000000050       0x51 ./Drivers/STM32F7xx_HAL_Driver/Src/stm32f7xx_hal_cortex.o
 .comment       0x0000000000000050       0x51 ./Drivers/STM32F7xx_HAL_Driver/Src/stm32f7xx_hal_gpio.o
 .comment       0x0000000000000050       0x51 ./Drivers/STM32F7xx_HAL_Driver/Src/stm32f7xx_hal_pwr_ex.o
 .comment       0x0000000000000050       0x51 ./Drivers/STM32F7xx_HAL_Driver/Src/stm32f7xx_hal_rcc.o
 .comment       0x0000000000000050       0x51 ./Drivers/STM32F7xx_HAL_Driver/Src/stm32f7xx_hal_tim.o
 .comment       0x0000000000000050       0x51 ./Drivers/STM32F7xx_HAL_Driver/Src/stm32f7xx_hal_tim_ex.o

.debug_frame    0x0000000000000000     0x1c90
 .debug_frame   0x0000000000000000      0x1ac ./Core/Src/main.o
 .debug_frame   0x00000000000001ac       0x5c ./Core/Src/stm32f7xx_hal_msp.o
 .debug_frame   0x0000000000000208       0xc0 ./Core/Src/stm32f7xx_it.o
 .debug_frame   0x00000000000002c8       0x30 ./Core/Src/system_stm32f7xx.o
 .debug_frame   0x00000000000002f8      0x210 ./Drivers/STM32F7xx_HAL_Driver/Src/stm32f7xx_hal.o
 .debug_frame   0x0000000000000508      0x158 ./Drivers/STM32F7xx_HAL_Driver/Src/stm32f7xx_hal_cortex.o
 .debug_frame   0x0000000000000660       0xd8 ./Drivers/STM32F7xx_HAL_Driver/Src/stm32f7xx_hal_gpio.o
 .debug_frame   0x0000000000000738      0x15c ./Drivers/STM32F7xx_HAL_Driver/Src/stm32f7xx_hal_pwr_ex.o
 .debug_frame   0x0000000000000894      0x19c ./Drivers/STM32F7xx_HAL_Driver/Src/stm32f7xx_hal_rcc.o
 .debug_frame   0x0000000000000a30      0xcf8 ./Drivers/STM32F7xx_HAL_Driver/Src/stm32f7xx_hal_tim.o
 .debug_frame   0x0000000000001728      0x4bc ./Drivers/STM32F7xx_HAL_Driver/Src/stm32f7xx_hal_tim_ex.o
 .debug_frame   0x0000000000001be4       0x2c /Applications/STM32CubeIDE.app/Contents/Eclipse/plugins/com.st.stm32cube.ide.mcu.externaltools.gnu-tools-for-stm32.10.3-2021.10.macos64_1.0.0.202111181127/tools/bin/../lib/gcc/arm-none-eabi/10.3.1/../../../../arm-none-eabi/lib/thumb/v7e-m+fp/hard/libc_nano.a(lib_a-init.o)
 .debug_frame   0x0000000000001c10       0x20 /Applications/STM32CubeIDE.app/Contents/Eclipse/plugins/com.st.stm32cube.ide.mcu.externaltools.gnu-tools-for-stm32.10.3-2021.10.macos64_1.0.0.202111181127/tools/bin/../lib/gcc/arm-none-eabi/10.3.1/../../../../arm-none-eabi/lib/thumb/v7e-m+fp/hard/libc_nano.a(lib_a-memset.o)
 .debug_frame   0x0000000000001c30       0x2c /Applications/STM32CubeIDE.app/Contents/Eclipse/plugins/com.st.stm32cube.ide.mcu.externaltools.gnu-tools-for-stm32.10.3-2021.10.macos64_1.0.0.202111181127/tools/bin/../lib/gcc/arm-none-eabi/10.3.1/thumb/v7e-m+fp/hard/libgcc.a(_aeabi_uldivmod.o)
 .debug_frame   0x0000000000001c5c       0x34 /Applications/STM32CubeIDE.app/Contents/Eclipse/plugins/com.st.stm32cube.ide.mcu.externaltools.gnu-tools-for-stm32.10.3-2021.10.macos64_1.0.0.202111181127/tools/bin/../lib/gcc/arm-none-eabi/10.3.1/thumb/v7e-m+fp/hard/libgcc.a(_udivmoddi4.o)
