../Src/main.c:94:5:main	8	static
../Src/main.c:315:6:SystemClock_Config	88	static
../Src/main.c:363:13:MX_CAN1_Init	8	static
../Src/main.c:400:13:MX_CAN2_Init	8	static
../Src/main.c:437:13:MX_USART2_UART_Init	8	static
../Src/main.c:468:13:MX_DMA_Init	16	static
../Src/main.c:486:13:MX_GPIO_Init	48	static
../Src/main.c:515:6:HAL_UART_RxCpltCallback	16	static
../Src/main.c:521:6:HAL_CAN_TxMailbox0CompleteCallack	16	static
../Src/main.c:527:6:HAL_CAN_RxFifo0MsgPendingCallback	16	static
../Src/main.c:541:6:Error_Handler	4	static,ignoring_inline_asm
